Script started on Sun Jul 22 17:56:45 2018
root@switch1:~# exit[2Pfgpython3 ServerLog.py root@switch1:~# tcpdump -i br0 -Q in -w /hosthome/Desktop/test_pim/TestNeighbor2.pcap &
[1] 1588
root@switch1:~# tcpdump: listening on br0, link-type EN10MB (Ethernet), capture size 262144 bytes

root@switch1:~# tcpdump -i br0 -Q in -w /hosthome/Desktop/test_pim/TestNeighbor2.pcap &root@switch1:~# exit[K[2Pfgpython3 ServerLog.py 
About to start TCP server...
pim.Interface                       DEBUG    2018-07-22 17:57:26,060   0  eth0  R1 Send Hello message
pim.Interface                       DEBUG    2018-07-22 17:57:41,093   0  eth0  R2 Send Hello message
pim.Interface.Neighbor              DEBUG    2018-07-22 17:57:41,113   0  eth0  R1 Monitoring new neighbor 10.0.0.2 with GenerationID: 3806743712; HelloHoldTime: 105; StateRefreshCapable: False
pim.Interface.Neighbor              DEBUG    2018-07-22 17:57:41,113   0  eth0  R1 Neighbor Liveness Timer reseted of 10.0.0.2
pim.Interface                       DEBUG    2018-07-22 17:57:46,127   0  eth0  R1 Send Hello message
pim.Interface.Neighbor              DEBUG    2018-07-22 17:57:46,146   0  eth0  R2 Monitoring new neighbor 10.0.0.1 with GenerationID: 3164982407; HelloHoldTime: 105; StateRefreshCapable: False
pim.Interface.Neighbor              DEBUG    2018-07-22 17:57:46,147   0  eth0  R2 Neighbor Liveness Timer reseted of 10.0.0.1
pim.Interface                       DEBUG    2018-07-22 17:57:46,523   0  eth0  R2 Send Hello message
pim.Interface.Neighbor              DEBUG    2018-07-22 17:57:46,538   0  eth0  R1 Receive Hello message with HelloHoldTime: 105; GenerationID: 3806743712; StateRefreshCapable: False from neighbor 10.0.0.2
pim.Interface.Neighbor              DEBUG    2018-07-22 17:57:46,545   0  eth0  R1 Neighbor Liveness Timer reseted of 10.0.0.2
pim.Interface                       DEBUG    2018-07-22 17:58:16,162   0  eth0  R1 Send Hello message
pim.Interface.Neighbor              DEBUG    2018-07-22 17:58:16,168   0  eth0  R2 Receive Hello message with HelloHoldTime: 105; GenerationID: 3164982407; StateRefreshCapable: False from neighbor 10.0.0.1
pim.Interface.Neighbor              DEBUG    2018-07-22 17:58:16,170   0  eth0  R2 Neighbor Liveness Timer reseted of 10.0.0.1
pim.Interface                       DEBUG    2018-07-22 17:58:16,608   0  eth0  R2 Send Hello message
pim.Interface.Neighbor              DEBUG    2018-07-22 17:58:16,616   0  eth0  R1 Receive Hello message with HelloHoldTime: 105; GenerationID: 3806743712; StateRefreshCapable: False from neighbor 10.0.0.2
pim.Interface.Neighbor              DEBUG    2018-07-22 17:58:16,622   0  eth0  R1 Neighbor Liveness Timer reseted of 10.0.0.2
pim.Interface                       DEBUG    2018-07-22 17:58:30,542   0  eth0  R2 Send Hello message
pim.Interface.Neighbor              DEBUG    2018-07-22 17:58:30,550   0  eth0  R1 Receive Hello message with HelloHoldTime: 105; GenerationID: 1471879794; StateRefreshCapable: False from neighbor 10.0.0.2
pim.Interface.Neighbor              DEBUG    2018-07-22 17:58:30,551   0  eth0  R1 Detected reset of 10.0.0.2... new GenerationID: 1471879794
pim.Interface.Neighbor              DEBUG    2018-07-22 17:58:30,566   0  eth0  R1 Neighbor Liveness Timer reseted of 10.0.0.2
pim.Interface                       DEBUG    2018-07-22 17:58:30,611   0  eth0  R1 Send Hello message
pim.Interface.Neighbor              DEBUG    2018-07-22 17:58:30,701   0  eth0  R2 Monitoring new neighbor 10.0.0.1 with GenerationID: 3164982407; HelloHoldTime: 105; StateRefreshCapable: False
pim.Interface.Neighbor              DEBUG    2018-07-22 17:58:30,702   0  eth0  R2 Neighbor Liveness Timer reseted of 10.0.0.1
pim.Interface                       DEBUG    2018-07-22 17:58:32,890   0  eth0  R2 Send Hello message
pim.Interface.Neighbor              DEBUG    2018-07-22 17:58:32,899   0  eth0  R1 Receive Hello message with HelloHoldTime: 105; GenerationID: 1471879794; StateRefreshCapable: False from neighbor 10.0.0.2
pim.Interface.Neighbor              DEBUG    2018-07-22 17:58:32,900   0  eth0  R1 Neighbor Liveness Timer reseted of 10.0.0.2
pim.Interface                       DEBUG    2018-07-22 17:59:00,673   0  eth0  R1 Send Hello message
pim.Interface.Neighbor              DEBUG    2018-07-22 17:59:00,680   0  eth0  R2 Receive Hello message with HelloHoldTime: 105; GenerationID: 3164982407; StateRefreshCapable: False from neighbor 10.0.0.1
pim.Interface.Neighbor              DEBUG    2018-07-22 17:59:00,681   0  eth0  R2 Neighbor Liveness Timer reseted of 10.0.0.1
pim.Interface                       DEBUG    2018-07-22 17:59:02,920   0  eth0  R2 Send Hello message
pim.Interface.Neighbor              DEBUG    2018-07-22 17:59:02,931   0  eth0  R1 Receive Hello message with HelloHoldTime: 105; GenerationID: 1471879794; StateRefreshCapable: False from neighbor 10.0.0.2
pim.Interface.Neighbor              DEBUG    2018-07-22 17:59:02,934   0  eth0  R1 Neighbor Liveness Timer reseted of 10.0.0.2
pim.Interface                       DEBUG    2018-07-22 17:59:30,701   0  eth0  R1 Send Hello message
pim.Interface.Neighbor              DEBUG    2018-07-22 17:59:30,707   0  eth0  R2 Receive Hello message with HelloHoldTime: 105; GenerationID: 3164982407; StateRefreshCapable: False from neighbor 10.0.0.1
pim.Interface.Neighbor              DEBUG    2018-07-22 17:59:30,707   0  eth0  R2 Neighbor Liveness Timer reseted of 10.0.0.1
pim.Interface                       DEBUG    2018-07-22 17:59:32,992   0  eth0  R2 Send Hello message
pim.Interface.Neighbor              DEBUG    2018-07-22 17:59:33,003   0  eth0  R1 Receive Hello message with HelloHoldTime: 105; GenerationID: 1471879794; StateRefreshCapable: False from neighbor 10.0.0.2
pim.Interface.Neighbor              DEBUG    2018-07-22 17:59:33,009   0  eth0  R1 Neighbor Liveness Timer reseted of 10.0.0.2
pim.Interface                       DEBUG    2018-07-22 18:00:00,726   0  eth0  R1 Send Hello message
pim.Interface.Neighbor              DEBUG    2018-07-22 18:00:00,733   0  eth0  R2 Receive Hello message with HelloHoldTime: 105; GenerationID: 3164982407; StateRefreshCapable: False from neighbor 10.0.0.1
pim.Interface.Neighbor              DEBUG    2018-07-22 18:00:00,735   0  eth0  R2 Neighbor Liveness Timer reseted of 10.0.0.1
pim.Interface                       DEBUG    2018-07-22 18:00:03,064   0  eth0  R2 Send Hello message
pim.Interface.Neighbor              DEBUG    2018-07-22 18:00:03,074   0  eth0  R1 Receive Hello message with HelloHoldTime: 105; GenerationID: 1471879794; StateRefreshCapable: False from neighbor 10.0.0.2
pim.Interface.Neighbor              DEBUG    2018-07-22 18:00:03,077   0  eth0  R1 Neighbor Liveness Timer reseted of 10.0.0.2
^CTraceback (most recent call last):
  File "ServerLog.py", line 105, in <module>
    main()
  File "ServerLog.py", line 101, in main
    tcpserver.serve_until_stopped()
  File "ServerLog.py", line 83, in serve_until_stopped
    self.timeout)
KeyboardInterrupt
^CException KeyboardInterrupt: KeyboardInterrupt() in <module 'threading' from '/usr/lib/python3.2/threading.py'> ignored
root@switch1:~# fg
tcpdump -i br0 -Q in -w /hosthome/Desktop/test_pim/TestNeighbor2.pcap
^C95 packets captured
157 packets received by filter
0 packets dropped by kernel
root@switch1:~# exit
exit

Script done on Sun Jul 22 18:00:13 2018
