Script started on Thu Jul 19 17:24:09 2018
root@switch1:~# exit[2Pfgexitpython3 ServerLog.py root@switch1:~# tcpdump -i br0 -Q in -w /hosthome/Desktop/IgmpTest6.pcap &
[1] 1752
root@switch1:~# tcpdump: listening on br0, link-type EN10MB (Ethernet), capture size 262144 bytes

root@switch1:~# tcpdump -i br0 -Q in -w /hosthome/Desktop/IgmpTest6.pcap &root@switch1:~# exit[K[2Pfgexitpython3 ServerLog.py root@switch1:~# exit[Kpython3 ServerLog.py root@switch1:~# tcpdump -i br0 -Q in -w /hosthome/Desktop/IgmpTest6.pcap &root@switch1:~# [37Ppython3 ServerLog.py 
About to start TCP server...
protocol.igmp.RouterState                          DEBUG    2018-07-19 17:24:30,530                                       0  eth0  R2 Querier state: receive_query
protocol.igmp.RouterState                          DEBUG    2018-07-19 17:24:30,531                                       0  eth0  R2 change querier state to -> NonQuerier
protocol.igmp.RouterState.GroupState               DEBUG    2018-07-19 17:24:40,922   (*,224.12.12.12)                    0  eth0  R2 NonQuerier NoMembersPresent: receive_v2_membership_report
protocol.igmp.RouterState.GroupState               DEBUG    2018-07-19 17:24:40,929   (*,224.12.12.12)                    0  eth0  R1 Querier NoMembersPresent: receive_v2_membership_report
protocol.igmp.RouterState.GroupState               DEBUG    2018-07-19 17:24:40,971   (*,224.12.12.12)                    0  eth0  R2 change membership state to: MembersPresent
protocol.igmp.RouterState.GroupState               DEBUG    2018-07-19 17:24:40,983   (*,224.12.12.12)                    0  eth0  R1 change membership state to: MembersPresent
protocol.igmp.RouterState.GroupState               DEBUG    2018-07-19 17:24:47,495   (*,224.12.12.12)                    0  eth0  R1 Querier MembersPresent: receive_v2_membership_report
protocol.igmp.RouterState.GroupState               DEBUG    2018-07-19 17:24:47,491   (*,224.12.12.12)                    0  eth0  R2 NonQuerier MembersPresent: receive_v2_membership_report
protocol.igmp.RouterState.GroupState               DEBUG    2018-07-19 17:24:51,066   (*,224.12.12.12)                    0  eth0  R2 NonQuerier MembersPresent: receive_v2_membership_report
protocol.igmp.RouterState.GroupState               DEBUG    2018-07-19 17:24:51,070   (*,224.12.12.12)                    0  eth0  R1 Querier MembersPresent: receive_v2_membership_report
protocol.igmp.RouterState.GroupState               DEBUG    2018-07-19 17:25:25,557   (*,224.12.12.12)                    0  eth0  R1 Querier MembersPresent: receive_v2_membership_report
protocol.igmp.RouterState.GroupState               DEBUG    2018-07-19 17:25:25,553   (*,224.12.12.12)                    0  eth0  R2 NonQuerier MembersPresent: receive_v2_membership_report
protocol.igmp.RouterState.GroupState               DEBUG    2018-07-19 17:25:27,751   (*,224.12.12.12)                    0  eth0  R1 Querier MembersPresent: receive_v2_membership_report
protocol.igmp.RouterState.GroupState               DEBUG    2018-07-19 17:25:27,747   (*,224.12.12.12)                    0  eth0  R2 NonQuerier MembersPresent: receive_v2_membership_report
protocol.igmp.RouterState.GroupState               DEBUG    2018-07-19 17:25:36,025   (*,224.12.12.12)                    0  eth0  R2 NonQuerier MembersPresent: receive_v2_membership_report
protocol.igmp.RouterState.GroupState               DEBUG    2018-07-19 17:25:36,029   (*,224.12.12.12)                    0  eth0  R1 Querier MembersPresent: receive_v2_membership_report
protocol.igmp.RouterState                          DEBUG    2018-07-19 17:26:35,601                                       0  eth0  R1 Querier state: general_query_timeout
protocol.igmp.RouterState                          DEBUG    2018-07-19 17:26:35,604                                       0  eth0  R2 NonQuerier state: receive_query
protocol.igmp.RouterState.GroupState               DEBUG    2018-07-19 17:26:42,845   (*,224.12.12.12)                    0  eth0  R2 NonQuerier MembersPresent: receive_v2_membership_report
protocol.igmp.RouterState.GroupState               DEBUG    2018-07-19 17:26:42,849   (*,224.12.12.12)                    0  eth0  R1 Querier MembersPresent: receive_v2_membership_report
protocol.igmp.RouterState.GroupState               DEBUG    2018-07-19 17:26:44,921   (*,224.12.12.12)                    0  eth0  R1 Querier MembersPresent: receive_v2_membership_report
protocol.igmp.RouterState.GroupState               DEBUG    2018-07-19 17:26:44,920   (*,224.12.12.12)                    0  eth0  R2 NonQuerier MembersPresent: receive_v2_membership_report
protocol.igmp.RouterState                          DEBUG    2018-07-19 17:28:40,632                                       0  eth0  R1 Querier state: general_query_timeout
protocol.igmp.RouterState                          DEBUG    2018-07-19 17:28:40,635                                       0  eth0  R2 NonQuerier state: receive_query
protocol.igmp.RouterState.GroupState               DEBUG    2018-07-19 17:28:42,026   (*,224.12.12.12)                    0  eth0  R1 Querier MembersPresent: receive_v2_membership_report
protocol.igmp.RouterState.GroupState               DEBUG    2018-07-19 17:28:42,023   (*,224.12.12.12)                    0  eth0  R2 NonQuerier MembersPresent: receive_v2_membership_report
protocol.igmp.RouterState.GroupState               DEBUG    2018-07-19 17:28:50,236   (*,224.12.12.12)                    0  eth0  R2 NonQuerier MembersPresent: receive_v2_membership_report
protocol.igmp.RouterState.GroupState               DEBUG    2018-07-19 17:28:50,241   (*,224.12.12.12)                    0  eth0  R1 Querier MembersPresent: receive_v2_membership_report
protocol.igmp.RouterState                          DEBUG    2018-07-19 17:30:45,668                                       0  eth0  R1 Querier state: general_query_timeout
protocol.igmp.RouterState                          DEBUG    2018-07-19 17:30:45,671                                       0  eth0  R2 NonQuerier state: receive_query
protocol.igmp.RouterState.GroupState               DEBUG    2018-07-19 17:30:51,702   (*,224.12.12.12)                    0  eth0  R1 Querier MembersPresent: receive_v2_membership_report
protocol.igmp.RouterState.GroupState               DEBUG    2018-07-19 17:30:51,698   (*,224.12.12.12)                    0  eth0  R2 NonQuerier MembersPresent: receive_v2_membership_report
protocol.igmp.RouterState.GroupState               DEBUG    2018-07-19 17:30:54,524   (*,224.12.12.12)                    0  eth0  R1 Querier MembersPresent: receive_v2_membership_report
protocol.igmp.RouterState.GroupState               DEBUG    2018-07-19 17:30:54,523   (*,224.12.12.12)                    0  eth0  R2 NonQuerier MembersPresent: receive_v2_membership_report
protocol.igmp.RouterState                          DEBUG    2018-07-19 17:32:50,722                                       0  eth0  R1 Querier state: general_query_timeout
protocol.igmp.RouterState                          DEBUG    2018-07-19 17:32:50,726                                       0  eth0  R2 NonQuerier state: receive_query
protocol.igmp.RouterState.GroupState               DEBUG    2018-07-19 17:32:57,247   (*,224.12.12.12)                    0  eth0  R2 NonQuerier MembersPresent: receive_v2_membership_report
protocol.igmp.RouterState.GroupState               DEBUG    2018-07-19 17:32:57,251   (*,224.12.12.12)                    0  eth0  R1 Querier MembersPresent: receive_v2_membership_report
protocol.igmp.RouterState.GroupState               DEBUG    2018-07-19 17:33:00,002   (*,224.12.12.12)                    0  eth0  R1 Querier MembersPresent: receive_v2_membership_report
protocol.igmp.RouterState.GroupState               DEBUG    2018-07-19 17:32:59,997   (*,224.12.12.12)                    0  eth0  R2 NonQuerier MembersPresent: receive_v2_membership_report
^CTraceback (most recent call last):
  File "ServerLog.py", line 105, in <module>
    main()
  File "ServerLog.py", line 101, in main
    tcpserver.serve_until_stopped()
  File "ServerLog.py", line 83, in serve_until_stopped
    self.timeout)
KeyboardInterrupt
^CException KeyboardInterrupt: KeyboardInterrupt() in <module 'threading' from '/usr/lib/python3.2/threading.py'> ignored
root@switch1:~# fg
tcpdump -i br0 -Q in -w /hosthome/Desktop/IgmpTest6.pcap
^C86 packets captured
150 packets received by filter
0 packets dropped by kernel
root@switch1:~# exit
exit

Script done on Thu Jul 19 17:33:09 2018
